Copyright 1986-2022 Xilinx, Inc. All Rights Reserved. Copyright 2022-2023 Advanced Micro Devices, Inc. All Rights Reserved.
---------------------------------------------------------------------------------------------------------------------------------------------
| Tool Version : Vivado v.2023.2 (lin64) Build 4029153 Fri Oct 13 20:13:54 MDT 2023
| Date         : Fri Apr 11 16:47:27 2025
| Host         : CEAT-ENDV350-06L running 64-bit Ubuntu 22.04.5 LTS
| Command      : upgrade_project -migrate_output_products
| Project_Path : /home/06-comp-arch-m/ecen4243S25_evan_lenna/lab3/lab3/lab2.xpr
---------------------------------------------------------------------------------------------------------------------------------------------

Project Status Summary

1. Project IP Status
--------------------
This project contains 0 IP and 1 Block Designs.


1.1 Project IP Instances
+---------------------------------+-------------------------+-------------------------------------+-------------------------------------+
| Instance Name                   | Status                  | Reason                              | Recommendation                      |
+---------------------------------+-------------------------+-------------------------------------+-------------------------------------+
| design_1_AXI_Converter_0_0      | Will be Migrated.       |                                     |                                     |
+---------------------------------+-------------------------+-------------------------------------+-------------------------------------+
| design_1_axi_smc_0              | Will be Migrated.       |                                     |                                     |
+---------------------------------+-------------------------+-------------------------------------+-------------------------------------+
| design_1_processing_system7_0_0 | Will be Migrated.       |                                     |                                     |
+---------------------------------+-------------------------+-------------------------------------+-------------------------------------+
| design_1_rst_ps7_0_50M_0        | Will be Migrated.       |                                     |                                     |
+---------------------------------+-------------------------+-------------------------------------+-------------------------------------+
| design_1_top_0_0                | Will be Migrated.       |                                     |                                     |
+---------------------------------+-------------------------+-------------------------------------+-------------------------------------+


1.2 Project Block Designs
+----------+-------------------------+-------------------------------------+-------------------------------------+
| Design   | Status                  | Reason                              | Recommendation                      |
| Name     |                         |                                     |                                     |
+----------+-------------------------+-------------------------------------+-------------------------------------+
| design_1 | Will be Migrated.       |                                     |                                     |
+----------+-------------------------+-------------------------------------+-------------------------------------+



