#-----------------------------------------------------------
# Vivado v2023.2 (64-bit)
# SW Build 4029153 on Fri Oct 13 20:13:54 MDT 2023
# IP Build 4028589 on Sat Oct 14 00:45:43 MDT 2023
# SharedData Build 4025554 on Tue Oct 10 17:18:54 MDT 2023
# Start of session at: Fri Apr 11 17:22:12 2025
# Process ID: 118904
# Current directory: /home/06-comp-arch-m/ecen4243S25_evan_lenna
# Command line: vivado
# Log file: /home/06-comp-arch-m/ecen4243S25_evan_lenna/vivado.log
# Journal file: /home/06-comp-arch-m/ecen4243S25_evan_lenna/vivado.jou
# Running On: CEAT-ENDV350-06L, OS: Linux, CPU Frequency: 1111.401 MHz, CPU Physical cores: 14, Host memory: 16437 MB
#-----------------------------------------------------------
start_gui
WARNING: [Board 49-26] cannot add Board Part xilinx.com:kcu105:part0:1.6 available at /opt/Xilinx/Vivado/2023.2/data/xhub/boards/XilinxBoardStore/boards/Xilinx/kcu105/1.6/board.xml as part xcku040-ffva1156-2-e specified in board_part file is either invalid or not available
WARNING: [Board 49-26] cannot add Board Part xilinx.com:kcu105:part0:1.7 available at /opt/Xilinx/Vivado/2023.2/data/xhub/boards/XilinxBoardStore/boards/Xilinx/kcu105/1.7/board.xml as part xcku040-ffva1156-2-e specified in board_part file is either invalid or not available
WARNING: [Board 49-26] cannot add Board Part xilinx.com:kcu116:part0:1.4 available at /opt/Xilinx/Vivado/2023.2/data/xhub/boards/XilinxBoardStore/boards/Xilinx/kcu116/1.4/board.xml as part xcku5p-ffvb676-2-e specified in board_part file is either invalid or not available
WARNING: [Board 49-26] cannot add Board Part xilinx.com:kcu116:part0:1.5 available at /opt/Xilinx/Vivado/2023.2/data/xhub/boards/XilinxBoardStore/boards/Xilinx/kcu116/1.5/board.xml as part xcku5p-ffvb676-2-e specified in board_part file is either invalid or not available
WARNING: [Board 49-26] cannot add Board Part xilinx.com:kcu1500:part0:1.2 available at /opt/Xilinx/Vivado/2023.2/data/xhub/boards/XilinxBoardStore/boards/Xilinx/kcu1500/1.2/board.xml as part xcku115-flvb2104-2-e specified in board_part file is either invalid or not available
WARNING: [Board 49-26] cannot add Board Part xilinx.com:vck190:part0:2.2 available at /opt/Xilinx/Vivado/2023.2/data/xhub/boards/XilinxBoardStore/boards/Xilinx/vck190/production/2.2/board.xml as part xcvc1902-vsva2197-2mp-e-s specified in board_part file is either invalid or not available
WARNING: [Board 49-26] cannot add Board Part xilinx.com:vck190:part0:3.0 available at /opt/Xilinx/Vivado/2023.2/data/xhub/boards/XilinxBoardStore/boards/Xilinx/vck190/production/3.0/board.xml as part xcvc1902-vsva2197-2mp-e-s specified in board_part file is either invalid or not available
WARNING: [Board 49-26] cannot add Board Part xilinx.com:vck190:part0:3.1 available at /opt/Xilinx/Vivado/2023.2/data/xhub/boards/XilinxBoardStore/boards/Xilinx/vck190/production/3.1/board.xml as part xcvc1902-vsva2197-2mp-e-s specified in board_part file is either invalid or not available
WARNING: [Board 49-26] cannot add Board Part xilinx.com:vck190:part0:3.2 available at /opt/Xilinx/Vivado/2023.2/data/xhub/boards/XilinxBoardStore/boards/Xilinx/vck190/production/3.2/board.xml as part xcvc1902-vsva2197-2mp-e-s specified in board_part file is either invalid or not available
WARNING: [Board 49-26] cannot add Board Part xilinx.com:vck190_newl:part0:1.0 available at /opt/Xilinx/Vivado/2023.2/data/xhub/boards/XilinxBoardStore/boards/Xilinx/vck190_newl/production/1.0/board.xml as part xcvc1902-vsva2197-2mp-e-s specified in board_part file is either invalid or not available
WARNING: [Board 49-26] cannot add Board Part xilinx.com:vck190_newl:part0:1.1 available at /opt/Xilinx/Vivado/2023.2/data/xhub/boards/XilinxBoardStore/boards/Xilinx/vck190_newl/production/1.1/board.xml as part xcvc1902-vsva2197-2mp-e-s specified in board_part file is either invalid or not available
WARNING: [Board 49-26] cannot add Board Part xilinx.com:vcu108:part0:1.6 available at /opt/Xilinx/Vivado/2023.2/data/xhub/boards/XilinxBoardStore/boards/Xilinx/vcu108/1.6/board.xml as part xcvu095-ffva2104-2-e specified in board_part file is either invalid or not available
WARNING: [Board 49-26] cannot add Board Part xilinx.com:vcu108:part0:1.7 available at /opt/Xilinx/Vivado/2023.2/data/xhub/boards/XilinxBoardStore/boards/Xilinx/vcu108/1.7/board.xml as part xcvu095-ffva2104-2-e specified in board_part file is either invalid or not available
WARNING: [Board 49-26] cannot add Board Part xilinx.com:vcu110:part0:1.4 available at /opt/Xilinx/Vivado/2023.2/data/xhub/boards/XilinxBoardStore/boards/Xilinx/vcu110/1.4/board.xml as part xcvu190-flgc2104-2-e specified in board_part file is either invalid or not available
WARNING: [Board 49-26] cannot add Board Part xilinx.com:vcu118:part0:2.0 available at /opt/Xilinx/Vivado/2023.2/data/xhub/boards/XilinxBoardStore/boards/Xilinx/vcu118/2.0/board.xml as part xcvu9p-flga2104-2l-e specified in board_part file is either invalid or not available
WARNING: [Board 49-26] cannot add Board Part xilinx.com:vcu118:part0:2.3 available at /opt/Xilinx/Vivado/2023.2/data/xhub/boards/XilinxBoardStore/boards/Xilinx/vcu118/2.3/board.xml as part xcvu9p-flga2104-2l-e specified in board_part file is either invalid or not available
WARNING: [Board 49-26] cannot add Board Part xilinx.com:vcu118:part0:2.4 available at /opt/Xilinx/Vivado/2023.2/data/xhub/boards/XilinxBoardStore/boards/Xilinx/vcu118/2.4/board.xml as part xcvu9p-flga2104-2l-e specified in board_part file is either invalid or not available
WARNING: [Board 49-26] cannot add Board Part xilinx.com:vcu128:part0:1.0 available at /opt/Xilinx/Vivado/2023.2/data/xhub/boards/XilinxBoardStore/boards/Xilinx/vcu128/production/1.0/board.xml as part xcvu37p-fsvh2892-2l-e specified in board_part file is either invalid or not available
WARNING: [Board 49-26] cannot add Board Part xilinx.com:vcu129:part0:1.0 available at /opt/Xilinx/Vivado/2023.2/data/xhub/boards/XilinxBoardStore/boards/Xilinx/vcu129/production/1.0/board.xml as part xcvu29p-fsga2577-2l-e specified in board_part file is either invalid or not available
WARNING: [Board 49-26] cannot add Board Part xilinx.com:vcu1525:part0:1.3 available at /opt/Xilinx/Vivado/2023.2/data/xhub/boards/XilinxBoardStore/boards/Xilinx/vcu1525/1.3/board.xml as part xcvu9p-fsgd2104-2l-e specified in board_part file is either invalid or not available
WARNING: [Board 49-26] cannot add Board Part xilinx.com:vek280:part0:1.0 available at /opt/Xilinx/Vivado/2023.2/data/xhub/boards/XilinxBoardStore/boards/Xilinx/vek280/production/1.0/board.xml as part xcve2802-vsvh1760-2mp-e-s specified in board_part file is either invalid or not available
WARNING: [Board 49-26] cannot add Board Part xilinx.com:vek280_es:part0:1.0 available at /opt/Xilinx/Vivado/2023.2/data/xhub/boards/XilinxBoardStore/boards/Xilinx/vek280/es/rev_a/1.0/board.xml as part xcve2802-vsvh1760-2lp-e-s-es1 specified in board_part file is either invalid or not available
WARNING: [Board 49-26] cannot add Board Part xilinx.com:vek280_es:part0:1.1 available at /opt/Xilinx/Vivado/2023.2/data/xhub/boards/XilinxBoardStore/boards/Xilinx/vek280/es/rev_a/1.1/board.xml as part xcve2802-vsvh1760-2lp-e-s-es1 specified in board_part file is either invalid or not available
WARNING: [Board 49-26] cannot add Board Part xilinx.com:vek280_es_revb:part0:1.0 available at /opt/Xilinx/Vivado/2023.2/data/xhub/boards/XilinxBoardStore/boards/Xilinx/vek280/es/rev_b/1.0/board.xml as part xcve2802-vsvh1760-2mp-e-s-es1 specified in board_part file is either invalid or not available
WARNING: [Board 49-26] cannot add Board Part xilinx.com:vek280_es_revb:part0:1.1 available at /opt/Xilinx/Vivado/2023.2/data/xhub/boards/XilinxBoardStore/boards/Xilinx/vek280/es/rev_b/1.1/board.xml as part xcve2802-vsvh1760-2mp-e-s-es1 specified in board_part file is either invalid or not available
WARNING: [Board 49-26] cannot add Board Part xilinx.com:vhk158:part0:1.0 available at /opt/Xilinx/Vivado/2023.2/data/xhub/boards/XilinxBoardStore/boards/Xilinx/vhk158/production/1.0/board.xml as part xcvh1582-vsva3697-2mp-e-s specified in board_part file is either invalid or not available
WARNING: [Board 49-26] cannot add Board Part xilinx.com:vhk158:part0:1.1 available at /opt/Xilinx/Vivado/2023.2/data/xhub/boards/XilinxBoardStore/boards/Xilinx/vhk158/production/1.1/board.xml as part xcvh1582-vsva3697-2mp-e-s specified in board_part file is either invalid or not available
WARNING: [Board 49-26] cannot add Board Part xilinx.com:vhk158_es:part0:1.0 available at /opt/Xilinx/Vivado/2023.2/data/xhub/boards/XilinxBoardStore/boards/Xilinx/vhk158/es/1.0/board.xml as part xcvh1582-vsva3697-2mp-e-s-es1 specified in board_part file is either invalid or not available
WARNING: [Board 49-26] cannot add Board Part xilinx.com:vhk158_es:part0:1.1 available at /opt/Xilinx/Vivado/2023.2/data/xhub/boards/XilinxBoardStore/boards/Xilinx/vhk158/es/1.1/board.xml as part xcvh1582-vsva3697-2mp-e-s-es1 specified in board_part file is either invalid or not available
WARNING: [Board 49-26] cannot add Board Part xilinx.com:vmk180:part0:2.2 available at /opt/Xilinx/Vivado/2023.2/data/xhub/boards/XilinxBoardStore/boards/Xilinx/vmk180/production/2.2/board.xml as part xcvm1802-vsva2197-2mp-e-s specified in board_part file is either invalid or not available
WARNING: [Board 49-26] cannot add Board Part xilinx.com:vmk180:part0:3.0 available at /opt/Xilinx/Vivado/2023.2/data/xhub/boards/XilinxBoardStore/boards/Xilinx/vmk180/production/3.0/board.xml as part xcvm1802-vsva2197-2mp-e-s specified in board_part file is either invalid or not available
WARNING: [Board 49-26] cannot add Board Part xilinx.com:vmk180:part0:3.1 available at /opt/Xilinx/Vivado/2023.2/data/xhub/boards/XilinxBoardStore/boards/Xilinx/vmk180/production/3.1/board.xml as part xcvm1802-vsva2197-2mp-e-s specified in board_part file is either invalid or not available
WARNING: [Board 49-26] cannot add Board Part xilinx.com:vmk180:part0:3.2 available at /opt/Xilinx/Vivado/2023.2/data/xhub/boards/XilinxBoardStore/boards/Xilinx/vmk180/production/3.2/board.xml as part xcvm1802-vsva2197-2mp-e-s specified in board_part file is either invalid or not available
WARNING: [Board 49-26] cannot add Board Part xilinx.com:vmk180_newl:part0:1.0 available at /opt/Xilinx/Vivado/2023.2/data/xhub/boards/XilinxBoardStore/boards/Xilinx/vmk180_newl/production/1.0/board.xml as part xcvm1802-vsva2197-2mp-e-s specified in board_part file is either invalid or not available
WARNING: [Board 49-26] cannot add Board Part xilinx.com:vmk180_newl:part0:1.1 available at /opt/Xilinx/Vivado/2023.2/data/xhub/boards/XilinxBoardStore/boards/Xilinx/vmk180_newl/production/1.1/board.xml as part xcvm1802-vsva2197-2mp-e-s specified in board_part file is either invalid or not available
WARNING: [Board 49-26] cannot add Board Part xilinx.com:vpk120:part0:1.0 available at /opt/Xilinx/Vivado/2023.2/data/xhub/boards/XilinxBoardStore/boards/Xilinx/vpk120/production/1.0/board.xml as part xcvp1202-vsva2785-2mp-e-s specified in board_part file is either invalid or not available
WARNING: [Board 49-26] cannot add Board Part xilinx.com:vpk120:part0:1.1 available at /opt/Xilinx/Vivado/2023.2/data/xhub/boards/XilinxBoardStore/boards/Xilinx/vpk120/production/1.1/board.xml as part xcvp1202-vsva2785-2mp-e-s specified in board_part file is either invalid or not available
WARNING: [Board 49-26] cannot add Board Part xilinx.com:vpk120:part0:1.2 available at /opt/Xilinx/Vivado/2023.2/data/xhub/boards/XilinxBoardStore/boards/Xilinx/vpk120/production/1.2/board.xml as part xcvp1202-vsva2785-2mp-e-s specified in board_part file is either invalid or not available
WARNING: [Board 49-26] cannot add Board Part xilinx.com:vpk180:part0:1.0 available at /opt/Xilinx/Vivado/2023.2/data/xhub/boards/XilinxBoardStore/boards/Xilinx/vpk180/production/1.0/board.xml as part xcvp1802-lsvc4072-2mp-e-s specified in board_part file is either invalid or not available
WARNING: [Board 49-26] cannot add Board Part xilinx.com:vpk180:part0:1.1 available at /opt/Xilinx/Vivado/2023.2/data/xhub/boards/XilinxBoardStore/boards/Xilinx/vpk180/production/1.1/board.xml as part xcvp1802-lsvc4072-2mp-e-s specified in board_part file is either invalid or not available
WARNING: [Board 49-26] cannot add Board Part xilinx.com:zcu208ld:part0:2.0 available at /opt/Xilinx/Vivado/2023.2/data/xhub/boards/XilinxBoardStore/boards/Xilinx/zcu208ld/production/2.0/board.xml as part xczu58dr-fsvg1517-2-i specified in board_part file is either invalid or not available
WARNING: [Board 49-26] cannot add Board Part xilinx.com:zcu216ld:part0:2.0 available at /opt/Xilinx/Vivado/2023.2/data/xhub/boards/XilinxBoardStore/boards/Xilinx/zcu216ld/production/2.0/board.xml as part xczu59dr-ffvf1760-2-i specified in board_part file is either invalid or not available
WARNING: [Board 49-26] cannot add Board Part xilinx.com:zcu670:part0:2.0 available at /opt/Xilinx/Vivado/2023.2/data/xhub/boards/XilinxBoardStore/boards/Xilinx/zcu670/2.0/board.xml as part xczu67dr-fsve1156-2-i specified in board_part file is either invalid or not available
WARNING: [Board 49-26] cannot add Board Part xilinx.com:zcu670ld:part0:1.0 available at /opt/Xilinx/Vivado/2023.2/data/xhub/boards/XilinxBoardStore/boards/Xilinx/zcu670ld/1.0/board.xml as part xczu57dr-fsve1156-2-i specified in board_part file is either invalid or not available
open_project /home/06-comp-arch-m/Desktop/lab3/lab2.xpr
INFO: [Project 1-313] Project file moved from '/home/06-comp-arch-m/ecen4243S25_evan_lenna/lab3/lab3' since last save.
CRITICAL WARNING: [Project 1-311] Could not find the file '/home/06-comp-arch-m/Desktop/lab3/src/riscv_single.sv', nor could it be found using path '/home/06-comp-arch-m/ecen4243S25_evan_lenna/lab3/lab3/src/riscv_single.sv'.
CRITICAL WARNING: [Project 1-311] Could not find the file '/home/06-comp-arch-m/Desktop/lab3/lab2.srcs/sources_1/imports/Desktop/top.v', nor could it be found using path '/home/06-comp-arch-m/ecen4243S25_evan_lenna/lab3/lab3/lab2.srcs/sources_1/imports/Desktop/top.v'.
CRITICAL WARNING: [Project 1-311] Could not find the file '/home/06-comp-arch-m/Desktop/lab3/lab2.srcs/sources_1/imports/Desktop/imem.v', nor could it be found using path '/home/06-comp-arch-m/ecen4243S25_evan_lenna/lab3/lab3/lab2.srcs/sources_1/imports/Desktop/imem.v'.
CRITICAL WARNING: [Project 1-311] Could not find the file '/home/06-comp-arch-m/Desktop/lab3/lab2.srcs/sources_1/imports/Desktop/memcontroller.v', nor could it be found using path '/home/06-comp-arch-m/ecen4243S25_evan_lenna/lab3/lab3/lab2.srcs/sources_1/imports/Desktop/memcontroller.v'.
Scanning sources...
Finished scanning sources
INFO: [IP_Flow 19-234] Refreshing IP repositories
INFO: [IP_Flow 19-1700] Loaded user IP repository '/home/06-comp-arch-m/Desktop/lab3/lab2.ipdefs/ip_repo_BAK_0_0_0'.
INFO: [IP_Flow 19-2313] Loaded Vivado IP repository '/opt/Xilinx/Vivado/2023.2/data/ip'.
WARNING: [BD 41-1661] One or more IPs have been locked in the design 'design_1.bd'. Please run report_ip_status for more details and recommendations on how to fix this issue.
List of locked IPs:
design_1_axi_smc_0
design_1_rst_ps7_0_50M_0

INFO: [IP_Flow 19-5107] Inferred bus interface 'reset' of definition 'xilinx.com:signal:reset:1.0' (from Xilinx Repository).
INFO: [IP_Flow 19-5107] Inferred bus interface 'clk' of definition 'xilinx.com:signal:clock:1.0' (from Xilinx Repository).
INFO: [IP_Flow 19-4728] Bus Interface 'clk': Added interface parameter 'ASSOCIATED_RESET' with value 'reset'.
WARNING: [IP_Flow 19-5661] Bus Interface 'clk' does not have any bus interfaces associated with it.
WARNING: [IP_Flow 19-11770] Clock interface 'clk' has no FREQ_HZ parameter.
update_compile_order -fileset sources_1
update_module_reference design_1_top_0_0
INFO: [IP_Flow 19-5107] Inferred bus interface 'reset' of definition 'xilinx.com:signal:reset:1.0' (from Xilinx Repository).
INFO: [IP_Flow 19-5107] Inferred bus interface 'clk' of definition 'xilinx.com:signal:clock:1.0' (from Xilinx Repository).
INFO: [IP_Flow 19-4728] Bus Interface 'clk': Added interface parameter 'ASSOCIATED_RESET' with value 'reset'.
WARNING: [IP_Flow 19-5661] Bus Interface 'clk' does not have any bus interfaces associated with it.
WARNING: [IP_Flow 19-11770] Clock interface 'clk' has no FREQ_HZ parameter.
INFO: [IP_Flow 19-5107] Inferred bus interface 'reset' of definition 'xilinx.com:signal:reset:1.0' (from Xilinx Repository).
INFO: [IP_Flow 19-5107] Inferred bus interface 'clk' of definition 'xilinx.com:signal:clock:1.0' (from Xilinx Repository).
INFO: [IP_Flow 19-4728] Bus Interface 'clk': Added interface parameter 'ASSOCIATED_RESET' with value 'reset'.
WARNING: [IP_Flow 19-5661] Bus Interface 'clk' does not have any bus interfaces associated with it.
WARNING: [IP_Flow 19-11770] Clock interface 'clk' has no FREQ_HZ parameter.
Reading block design file </home/06-comp-arch-m/Desktop/lab3/lab2.srcs/sources_1/bd/design_1/design_1.bd>...
Adding component instance block -- xilinx.com:ip:processing_system7:5.5 - processing_system7_0
Adding component instance block -- okstate.edu:user:AXI_Converter:1.1 - AXI_Converter_0
Adding component instance block -- xilinx.com:ip:proc_sys_reset:5.0 - rst_ps7_0_50M
Adding component instance block -- xilinx.com:ip:smartconnect:1.0 - axi_smc
Adding component instance block -- xilinx.com:module_ref:top:1.0 - top_0
Successfully read diagram <design_1> from block design file </home/06-comp-arch-m/Desktop/lab3/lab2.srcs/sources_1/bd/design_1/design_1.bd>
Upgrading '/home/06-comp-arch-m/Desktop/lab3/lab2.srcs/sources_1/bd/design_1/design_1.bd'
INFO: [IP_Flow 19-3420] Updated design_1_top_0_0 to use current project options
Wrote  : </home/06-comp-arch-m/Desktop/lab3/lab2.srcs/sources_1/bd/design_1/design_1.bd> 
Wrote  : </home/06-comp-arch-m/Desktop/lab3/lab2.srcs/sources_1/bd/design_1/ui/bd_1f5defd0.ui> 
pwd
/home/06-comp-arch-m/ecen4243S25_evan_lenna
cd ../Desktop/
source setup.tcl
# import_files -norecurse riscv_pipelined.sv
# update_compile_order -fileset sources_1
# update_module_reference design_1_top_0_0
ERROR: [filemgmt 56-190] Failed to uniquely resolve reference. Multiple different modules were found that match the name 'top'.
ERROR: [Common 17-39] 'update_module_reference' failed due to earlier errors.

    while executing
"update_module_reference design_1_top_0_0"
    (file "setup.tcl" line 3)
report_ip_status -name ip_status 
upgrade_ip [get_ips  {design_1_axi_smc_0 design_1_rst_ps7_0_50M_0}] -log ip_upgrade.log
Upgrading '/home/06-comp-arch-m/Desktop/lab3/lab2.srcs/sources_1/bd/design_1/design_1.bd'
INFO: [IP_Flow 19-3422] Upgraded design_1_axi_smc_0 (AXI SmartConnect 1.0) from revision 14 to revision 21
INFO: [IP_Flow 19-3422] Upgraded design_1_rst_ps7_0_50M_0 (Processor System Reset 5.0) from revision 13 to revision 14
Wrote  : </home/06-comp-arch-m/Desktop/lab3/lab2.srcs/sources_1/bd/design_1/design_1.bd> 
INFO: [Coretcl 2-1525] Wrote upgrade log to '/home/06-comp-arch-m/Desktop/lab3/ip_upgrade.log'.
export_ip_user_files -of_objects [get_ips {design_1_axi_smc_0 design_1_rst_ps7_0_50M_0}] -no_script -sync -force -quiet
generate_target all [get_files  /home/06-comp-arch-m/Desktop/lab3/lab2.srcs/sources_1/bd/design_1/design_1.bd]
WARNING: [BD 5-700] No address spaces matched 'get_bd_addr_spaces -of_objects /processing_system7_0 -filter {path == /processing_system7_0/Data}'
WARNING: [BD 5-699] No address segments matched 'get_bd_addr_segs -of_objects {}'
INFO: [BD 5-943] Reserving offset range <0x0000_0000 [ 512M ]> from slave interface '/axi_smc/S00_AXI' to master interface '/axi_smc/M00_AXI'. This will be used by smartconnect on path for routing.
INFO: [xilinx.com:ip:smartconnect:1.0-1] design_1_axi_smc_0: SmartConnect design_1_axi_smc_0 is in High-performance Mode.
WARNING: [BD 41-237] Bus Interface property AWUSER_WIDTH does not match between /processing_system7_0/S_AXI_HP0(0) and /axi_smc/M00_AXI(1)
WARNING: [BD 41-237] Bus Interface property ARUSER_WIDTH does not match between /processing_system7_0/S_AXI_HP0(0) and /axi_smc/M00_AXI(1)
WARNING: [BD 41-237] Bus Interface property BUSER_WIDTH does not match between /processing_system7_0/S_AXI_HP0(0) and /axi_smc/M00_AXI(1)
Wrote  : </home/06-comp-arch-m/Desktop/lab3/lab2.srcs/sources_1/bd/design_1/design_1.bd> 
Verilog Output written to : /home/06-comp-arch-m/Desktop/lab3/lab2.gen/sources_1/bd/design_1/synth/design_1.v
Verilog Output written to : /home/06-comp-arch-m/Desktop/lab3/lab2.gen/sources_1/bd/design_1/sim/design_1.v
Verilog Output written to : /home/06-comp-arch-m/Desktop/lab3/lab2.gen/sources_1/bd/design_1/hdl/design_1_wrapper.v
INFO: [BD 41-1029] Generation completed for the IP Integrator block rst_ps7_0_50M .
Exporting to file /home/06-comp-arch-m/Desktop/lab3/lab2.gen/sources_1/bd/design_1/ip/design_1_axi_smc_0/bd_0/hw_handoff/design_1_axi_smc_0.hwh
Generated Hardware Definition File /home/06-comp-arch-m/Desktop/lab3/lab2.gen/sources_1/bd/design_1/ip/design_1_axi_smc_0/bd_0/synth/design_1_axi_smc_0.hwdef
INFO: [BD 41-1029] Generation completed for the IP Integrator block axi_smc .
INFO: [BD 41-1029] Generation completed for the IP Integrator block top_0 .
Exporting to file /home/06-comp-arch-m/Desktop/lab3/lab2.gen/sources_1/bd/design_1/hw_handoff/design_1.hwh
Generated Hardware Definition File /home/06-comp-arch-m/Desktop/lab3/lab2.gen/sources_1/bd/design_1/synth/design_1.hwdef
catch { config_ip_cache -export [get_ips -all design_1_rst_ps7_0_50M_0] }
INFO: [IP_Flow 19-6924] IPCACHE: Running cache check for IP inst: design_1_rst_ps7_0_50M_0
catch { config_ip_cache -export [get_ips -all design_1_axi_smc_0] }
INFO: [IP_Flow 19-6924] IPCACHE: Running cache check for IP inst: design_1_axi_smc_0
catch { config_ip_cache -export [get_ips -all design_1_top_0_0] }
INFO: [IP_Flow 19-6924] IPCACHE: Running cache check for IP inst: design_1_top_0_0
export_ip_user_files -of_objects [get_files /home/06-comp-arch-m/Desktop/lab3/lab2.srcs/sources_1/bd/design_1/design_1.bd] -no_script -sync -force -quiet
create_ip_run [get_files -of_objects [get_fileset sources_1] /home/06-comp-arch-m/Desktop/lab3/lab2.srcs/sources_1/bd/design_1/design_1.bd]
launch_runs design_1_axi_smc_0_synth_1 design_1_rst_ps7_0_50M_0_synth_1 design_1_top_0_0_synth_1 -jobs 10
INFO: [IP_Flow 19-6924] IPCACHE: Running cache check for IP inst: design_1_axi_smc_0
INFO: [IP_Flow 19-6924] IPCACHE: Running cache check for IP inst: design_1_rst_ps7_0_50M_0
INFO: [IP_Flow 19-6924] IPCACHE: Running cache check for IP inst: design_1_top_0_0
ERROR: [filemgmt 56-190] Failed to uniquely resolve reference. Multiple different modules were found that match the name 'top'.
ERROR: [Runs 36-346] File '/home/06-comp-arch-m/Desktop/lab3/lab2.srcs/sources_1/bd/design_1/ip/design_1_top_0_0/design_1_top_0_0.xci' needed for run contains invalid reference(s).
launch_runs design_1_axi_smc_0_synth_1 design_1_rst_ps7_0_50M_0_synth_1 design_1_top_0_0_synth_1 -jobs 10
INFO: [IP_Flow 19-6924] IPCACHE: Running cache check for IP inst: design_1_axi_smc_0
INFO: [IP_Flow 19-6924] IPCACHE: Running cache check for IP inst: design_1_rst_ps7_0_50M_0
INFO: [IP_Flow 19-6924] IPCACHE: Running cache check for IP inst: design_1_top_0_0
ERROR: [Common 17-69] Command failed:  Runs 'design_1_axi_smc_0_synth_1', 'design_1_rst_ps7_0_50M_0_synth_1' need to be reset before launching. The run can be reset using the Tcl command 'reset_run <run name>'.
source setup.tcl
# import_files -norecurse riscv_pipelined.sv
WARNING: [filemgmt 20-354] The following file(s) were not imported. Local copy of file(s) already exists:
/home/06-comp-arch-m/Desktop/riscv_pipelined.sv
Hint: use the '-force' option to overwrite the local copies.
# update_compile_order -fileset sources_1
# update_module_reference design_1_top_0_0
ERROR: [filemgmt 56-190] Failed to uniquely resolve reference. Multiple different modules were found that match the name 'top'.
ERROR: [Common 17-39] 'update_module_reference' failed due to earlier errors.

    while executing
"update_module_reference design_1_top_0_0"
    (file "setup.tcl" line 3)
export_ip_user_files -of_objects  [get_files /home/06-comp-arch-m/Desktop/lab3/lab2.srcs/sources_1/imports/Desktop/riscv_pipelined.sv] -no_script -reset -force -quiet
remove_files  /home/06-comp-arch-m/Desktop/lab3/lab2.srcs/sources_1/imports/Desktop/riscv_pipelined.sv
update_compile_order -fileset sources_1
source setup.tcl
# import_files -norecurse riscv_pipelined.sv
WARNING: [filemgmt 20-354] The following file(s) were not imported. Local copy of file(s) already exists:
/home/06-comp-arch-m/Desktop/riscv_pipelined.sv
Hint: use the '-force' option to overwrite the local copies.
# update_compile_order -fileset sources_1
# update_module_reference design_1_top_0_0
INFO: [IP_Flow 19-5107] Inferred bus interface 'reset' of definition 'xilinx.com:signal:reset:1.0' (from Xilinx Repository).
INFO: [IP_Flow 19-5107] Inferred bus interface 'clk' of definition 'xilinx.com:signal:clock:1.0' (from Xilinx Repository).
INFO: [IP_Flow 19-4728] Bus Interface 'clk': Added interface parameter 'ASSOCIATED_RESET' with value 'reset'.
WARNING: [IP_Flow 19-5661] Bus Interface 'clk' does not have any bus interfaces associated with it.
WARNING: [IP_Flow 19-11770] Clock interface 'clk' has no FREQ_HZ parameter.
INFO: [IP_Flow 19-5107] Inferred bus interface 'reset' of definition 'xilinx.com:signal:reset:1.0' (from Xilinx Repository).
INFO: [IP_Flow 19-5107] Inferred bus interface 'clk' of definition 'xilinx.com:signal:clock:1.0' (from Xilinx Repository).
INFO: [IP_Flow 19-4728] Bus Interface 'clk': Added interface parameter 'ASSOCIATED_RESET' with value 'reset'.
WARNING: [IP_Flow 19-5661] Bus Interface 'clk' does not have any bus interfaces associated with it.
WARNING: [IP_Flow 19-11770] Clock interface 'clk' has no FREQ_HZ parameter.
Upgrading '/home/06-comp-arch-m/Desktop/lab3/lab2.srcs/sources_1/bd/design_1/design_1.bd'
INFO: [IP_Flow 19-3420] Updated design_1_top_0_0 to use current project options
Wrote  : </home/06-comp-arch-m/Desktop/lab3/lab2.srcs/sources_1/bd/design_1/design_1.bd> 
Wrote  : </home/06-comp-arch-m/Desktop/lab3/lab2.srcs/sources_1/bd/design_1/ui/bd_1f5defd0.ui> 
# reset_run synth_1
# launch_runs impl_1 -to_step write_bitstream -jobs 5
WARNING: [BD 5-700] No address spaces matched 'get_bd_addr_spaces -of_objects /processing_system7_0 -filter {path == /processing_system7_0/Data}'
WARNING: [BD 5-699] No address segments matched 'get_bd_addr_segs -of_objects {}'
INFO: [BD 5-943] Reserving offset range <0x0000_0000 [ 512M ]> from slave interface '/axi_smc/S00_AXI' to master interface '/axi_smc/M00_AXI'. This will be used by smartconnect on path for routing.
INFO: [xilinx.com:ip:smartconnect:1.0-1] design_1_axi_smc_0: SmartConnect design_1_axi_smc_0 is in High-performance Mode.
WARNING: [BD 41-237] Bus Interface property AWUSER_WIDTH does not match between /processing_system7_0/S_AXI_HP0(0) and /axi_smc/M00_AXI(1)
WARNING: [BD 41-237] Bus Interface property ARUSER_WIDTH does not match between /processing_system7_0/S_AXI_HP0(0) and /axi_smc/M00_AXI(1)
WARNING: [BD 41-237] Bus Interface property BUSER_WIDTH does not match between /processing_system7_0/S_AXI_HP0(0) and /axi_smc/M00_AXI(1)
Wrote  : </home/06-comp-arch-m/Desktop/lab3/lab2.srcs/sources_1/bd/design_1/design_1.bd> 
Verilog Output written to : /home/06-comp-arch-m/Desktop/lab3/lab2.gen/sources_1/bd/design_1/synth/design_1.v
Verilog Output written to : /home/06-comp-arch-m/Desktop/lab3/lab2.gen/sources_1/bd/design_1/sim/design_1.v
Verilog Output written to : /home/06-comp-arch-m/Desktop/lab3/lab2.gen/sources_1/bd/design_1/hdl/design_1_wrapper.v
Exporting to file /home/06-comp-arch-m/Desktop/lab3/lab2.gen/sources_1/bd/design_1/ip/design_1_axi_smc_0/bd_0/hw_handoff/design_1_axi_smc_0.hwh
Generated Hardware Definition File /home/06-comp-arch-m/Desktop/lab3/lab2.gen/sources_1/bd/design_1/ip/design_1_axi_smc_0/bd_0/synth/design_1_axi_smc_0.hwdef
INFO: [BD 41-1029] Generation completed for the IP Integrator block axi_smc .
INFO: [BD 41-1029] Generation completed for the IP Integrator block top_0 .
Exporting to file /home/06-comp-arch-m/Desktop/lab3/lab2.gen/sources_1/bd/design_1/hw_handoff/design_1.hwh
Generated Hardware Definition File /home/06-comp-arch-m/Desktop/lab3/lab2.gen/sources_1/bd/design_1/synth/design_1.hwdef
INFO: [IP_Flow 19-6930] IPCACHE: runCacheChecks() number of threads = 8
INFO: [IP_Flow 19-6921] IPCACHE: Adding cache check func to thread queue for IP design_1_axi_smc_0
INFO: [IP_Flow 19-6921] IPCACHE: Adding cache check func to thread queue for IP design_1_rst_ps7_0_50M_0
INFO: [IP_Flow 19-6921] IPCACHE: Adding cache check func to thread queue for IP design_1_top_0_0
INFO: [IP_Flow 19-8020] IPCACHE: runCacheChecks() calling threadPool finishWork()
INFO: [IP_Flow 19-6924] IPCACHE: Running cache check for IP inst: design_1_axi_smc_0
INFO: [IP_Flow 19-6924] IPCACHE: Running cache check for IP inst: design_1_rst_ps7_0_50M_0
INFO: [IP_Flow 19-6924] IPCACHE: Running cache check for IP inst: design_1_top_0_0
[Fri Apr 11 17:28:53 2025] Launched design_1_rst_ps7_0_50M_0_synth_1, design_1_axi_smc_0_synth_1, design_1_top_0_0_synth_1, synth_1...
Run output will be captured here:
design_1_rst_ps7_0_50M_0_synth_1: /home/06-comp-arch-m/Desktop/lab3/lab2.runs/design_1_rst_ps7_0_50M_0_synth_1/runme.log
design_1_axi_smc_0_synth_1: /home/06-comp-arch-m/Desktop/lab3/lab2.runs/design_1_axi_smc_0_synth_1/runme.log
design_1_top_0_0_synth_1: /home/06-comp-arch-m/Desktop/lab3/lab2.runs/design_1_top_0_0_synth_1/runme.log
synth_1: /home/06-comp-arch-m/Desktop/lab3/lab2.runs/synth_1/runme.log
[Fri Apr 11 17:28:53 2025] Launched impl_1...
Run output will be captured here: /home/06-comp-arch-m/Desktop/lab3/lab2.runs/impl_1/runme.log
launch_runs: Time (s): cpu = 00:00:08 ; elapsed = 00:00:05 . Memory (MB): peak = 8753.617 ; gain = 91.008 ; free physical = 496 ; free virtual = 13103
0
WARNING: [filemgmt 56-199] Attempt to get parsing info during refresh. "On-the-fly" syntax checking information may be incorrect. [/home/06-comp-arch-m/Desktop/lab3/src/top.v:]
WARNING: [filemgmt 56-199] Attempt to get parsing info during refresh. "On-the-fly" syntax checking information may be incorrect. [/home/06-comp-arch-m/Desktop/lab3/lab2.srcs/sources_1/imports/Desktop/riscv_pipelined.sv:]
WARNING: [filemgmt 56-199] Attempt to get parsing info during refresh. "On-the-fly" syntax checking information may be incorrect. [/home/06-comp-arch-m/Desktop/riscv_pipelined.sv:]
WARNING: [filemgmt 56-199] Attempt to get parsing info during refresh. "On-the-fly" syntax checking information may be incorrect. [/home/06-comp-arch-m/Desktop/lab3/src/top.v:]
WARNING: [filemgmt 56-199] Attempt to get parsing info during refresh. "On-the-fly" syntax checking information may be incorrect. [/home/06-comp-arch-m/Desktop/lab3/lab2.srcs/sources_1/imports/Desktop/riscv_pipelined.sv:]
WARNING: [filemgmt 56-199] Attempt to get parsing info during refresh. "On-the-fly" syntax checking information may be incorrect. [/home/06-comp-arch-m/Desktop/riscv_pipelined.sv:]
WARNING: [filemgmt 56-199] Attempt to get parsing info during refresh. "On-the-fly" syntax checking information may be incorrect. [/home/06-comp-arch-m/Desktop/lab3/src/top.v:]
WARNING: [filemgmt 56-199] Attempt to get parsing info during refresh. "On-the-fly" syntax checking information may be incorrect. [/home/06-comp-arch-m/Desktop/lab3/lab2.srcs/sources_1/imports/Desktop/riscv_pipelined.sv:]
WARNING: [filemgmt 56-199] Attempt to get parsing info during refresh. "On-the-fly" syntax checking information may be incorrect. [/home/06-comp-arch-m/Desktop/riscv_pipelined.sv:]
WARNING: [filemgmt 56-199] Attempt to get parsing info during refresh. "On-the-fly" syntax checking information may be incorrect. [/home/06-comp-arch-m/Desktop/lab3/src/top.v:]
WARNING: [filemgmt 56-199] Attempt to get parsing info during refresh. "On-the-fly" syntax checking information may be incorrect. [/home/06-comp-arch-m/Desktop/lab3/lab2.srcs/sources_1/imports/Desktop/riscv_pipelined.sv:]
WARNING: [filemgmt 56-199] Attempt to get parsing info during refresh. "On-the-fly" syntax checking information may be incorrect. [/home/06-comp-arch-m/Desktop/riscv_pipelined.sv:]
open_run impl_1
INFO: [Device 21-403] Loading part xc7z020clg484-1
Netlist sorting complete. Time (s): cpu = 00:00:00.08 ; elapsed = 00:00:00.08 . Memory (MB): peak = 8842.137 ; gain = 0.000 ; free physical = 6097 ; free virtual = 12904
INFO: [Netlist 29-17] Analyzing 360 Unisim elements for replacement
INFO: [Netlist 29-28] Unisim Transformation completed in 0 CPU seconds
INFO: [Project 1-479] Netlist was created with Vivado 2023.2
INFO: [Project 1-570] Preparing netlist for logic optimization
Read ShapeDB Complete: Time (s): cpu = 00:00:00.02 ; elapsed = 00:00:00.01 . Memory (MB): peak = 8874.367 ; gain = 2.000 ; free physical = 6010 ; free virtual = 12808
INFO: [Timing 38-478] Restoring timing data from binary archive.
INFO: [Timing 38-479] Binary timing data restore complete.
INFO: [Project 1-856] Restoring constraints from binary archive.
INFO: [Project 1-853] Binary constraint restore complete.
INFO: [Designutils 20-5722] Start Reading Physical Databases.
Reading placement.
Read Netlist Cache: Time (s): cpu = 00:00:00.01 ; elapsed = 00:00:00.01 . Memory (MB): peak = 9469.273 ; gain = 0.000 ; free physical = 5500 ; free virtual = 12298
Reading placer database...
Read Device Cache: Time (s): cpu = 00:00:00.01 ; elapsed = 00:00:00 . Memory (MB): peak = 9469.273 ; gain = 0.000 ; free physical = 5500 ; free virtual = 12298
Read PlaceDB: Time (s): cpu = 00:00:00.16 ; elapsed = 00:00:00.17 . Memory (MB): peak = 9469.273 ; gain = 0.000 ; free physical = 5493 ; free virtual = 12291
Read PulsedLatchDB: Time (s): cpu = 00:00:00 ; elapsed = 00:00:00 . Memory (MB): peak = 9469.273 ; gain = 0.000 ; free physical = 5493 ; free virtual = 12291
Reading routing.
Read RouteStorage: Time (s): cpu = 00:00:00.07 ; elapsed = 00:00:00.07 . Memory (MB): peak = 9469.273 ; gain = 0.000 ; free physical = 5493 ; free virtual = 12291
Read Physdb Files: Time (s): cpu = 00:00:00.25 ; elapsed = 00:00:00.25 . Memory (MB): peak = 9469.273 ; gain = 0.000 ; free physical = 5493 ; free virtual = 12291
Restored from archive | CPU: 0.250000 secs | Memory: 10.596657 MB |
Finished XDEF File Restore: Time (s): cpu = 00:00:00.25 ; elapsed = 00:00:00.25 . Memory (MB): peak = 9469.273 ; gain = 0.000 ; free physical = 5493 ; free virtual = 12291
Netlist sorting complete. Time (s): cpu = 00:00:00 ; elapsed = 00:00:00 . Memory (MB): peak = 9469.273 ; gain = 0.000 ; free physical = 5493 ; free virtual = 12292
INFO: [Project 1-111] Unisim Transformation Summary:
  A total of 182 instances were transformed.
  CFGLUT5 => CFGLUT5 (SRL16E, SRLC32E): 112 instances
  RAM32M => RAM32M (RAMD32(x6), RAMS32(x2)): 56 instances
  RAM32M => RAM32M (inverted pins: WCLK) (RAMD32(x6), RAMS32(x2)): 10 instances
  RAM32X1D => RAM32X1D (inverted pins: WCLK) (RAMD32(x2)): 4 instances

open_run: Time (s): cpu = 00:00:10 ; elapsed = 00:00:07 . Memory (MB): peak = 9884.109 ; gain = 1041.973 ; free physical = 5287 ; free virtual = 12105
WARNING: [Timing 38-436] There are set_bus_skew constraint(s) in this design. Please run report_bus_skew to ensure that bus skew requirements are met.
open_hw_manager
connect_hw_server -allow_non_jtag
INFO: [Labtools 27-2285] Connecting to hw_server url TCP:localhost:3121
INFO: [Labtools 27-2222] Launching hw_server...
INFO: [Labtools 27-2221] Launch Output:

****** Xilinx hw_server v2023.2
  **** Build date : Oct 13 2023 at 20:26:23
    ** Copyright 1986-2022 Xilinx, Inc. All Rights Reserved.


INFO: [Labtools 27-3415] Connecting to cs_server url TCP:localhost:0
INFO: [Labtools 27-3417] Launching cs_server...
INFO: [Labtools 27-2221] Launch Output:


******** Xilinx cs_server v2023.2.0
  ****** Build date   : Oct 09 2023-23:01:56
    **** Build number : 2023.2.1696910516
      ** Copyright 2017-2022 Xilinx, Inc. All Rights Reserved.
      ** Copyright 2022-2025 Advanced Micro Devices, Inc. All Rights Reserved.



disconnect_hw_server localhost:3121
connect_hw_server -allow_non_jtag
INFO: [Labtools 27-2285] Connecting to hw_server url TCP:localhost:3121
INFO: [Labtools 27-3415] Connecting to cs_server url TCP:localhost:0
INFO: [Labtools 27-3417] Launching cs_server...
INFO: [Labtools 27-2221] Launch Output:


******** Xilinx cs_server v2023.2.0
  ****** Build date   : Oct 09 2023-23:01:56
    **** Build number : 2023.2.1696910516
      ** Copyright 2017-2022 Xilinx, Inc. All Rights Reserved.
      ** Copyright 2022-2025 Advanced Micro Devices, Inc. All Rights Reserved.



disconnect_hw_server localhost:3121
connect_hw_server -allow_non_jtag
INFO: [Labtools 27-2285] Connecting to hw_server url TCP:localhost:3121
INFO: [Labtools 27-3415] Connecting to cs_server url TCP:localhost:0
INFO: [Labtools 27-3417] Launching cs_server...
INFO: [Labtools 27-2221] Launch Output:


******** Xilinx cs_server v2023.2.0
  ****** Build date   : Oct 09 2023-23:01:56
    **** Build number : 2023.2.1696910516
      ** Copyright 2017-2022 Xilinx, Inc. All Rights Reserved.
      ** Copyright 2022-2025 Advanced Micro Devices, Inc. All Rights Reserved.



exit
INFO: [Common 17-206] Exiting Vivado at Fri Apr 11 17:33:01 2025...
