#-----------------------------------------------------------
# Vivado v2023.2 (64-bit)
# SW Build 4029153 on Fri Oct 13 20:13:54 MDT 2023
# IP Build 4028589 on Sat Oct 14 00:45:43 MDT 2023
# SharedData Build 4025554 on Tue Oct 10 17:18:54 MDT 2023
# Start of session at: Fri Apr 11 16:45:50 2025
# Process ID: 114577
# Current directory: /home/06-comp-arch-m/ecen4243S25_evan_lenna
# Command line: vivado
# Log file: /home/06-comp-arch-m/ecen4243S25_evan_lenna/vivado.log
# Journal file: /home/06-comp-arch-m/ecen4243S25_evan_lenna/vivado.jou
# Running On: CEAT-ENDV350-06L, OS: Linux, CPU Frequency: 3619.152 MHz, CPU Physical cores: 14, Host memory: 16437 MB
#-----------------------------------------------------------
start_gui
WARNING: [Board 49-26] cannot add Board Part xilinx.com:kcu105:part0:1.6 available at /opt/Xilinx/Vivado/2023.2/data/xhub/boards/XilinxBoardStore/boards/Xilinx/kcu105/1.6/board.xml as part xcku040-ffva1156-2-e specified in board_part file is either invalid or not available
WARNING: [Board 49-26] cannot add Board Part xilinx.com:kcu105:part0:1.7 available at /opt/Xilinx/Vivado/2023.2/data/xhub/boards/XilinxBoardStore/boards/Xilinx/kcu105/1.7/board.xml as part xcku040-ffva1156-2-e specified in board_part file is either invalid or not available
WARNING: [Board 49-26] cannot add Board Part xilinx.com:kcu116:part0:1.4 available at /opt/Xilinx/Vivado/2023.2/data/xhub/boards/XilinxBoardStore/boards/Xilinx/kcu116/1.4/board.xml as part xcku5p-ffvb676-2-e specified in board_part file is either invalid or not available
WARNING: [Board 49-26] cannot add Board Part xilinx.com:kcu116:part0:1.5 available at /opt/Xilinx/Vivado/2023.2/data/xhub/boards/XilinxBoardStore/boards/Xilinx/kcu116/1.5/board.xml as part xcku5p-ffvb676-2-e specified in board_part file is either invalid or not available
WARNING: [Board 49-26] cannot add Board Part xilinx.com:kcu1500:part0:1.2 available at /opt/Xilinx/Vivado/2023.2/data/xhub/boards/XilinxBoardStore/boards/Xilinx/kcu1500/1.2/board.xml as part xcku115-flvb2104-2-e specified in board_part file is either invalid or not available
WARNING: [Board 49-26] cannot add Board Part xilinx.com:vck190:part0:2.2 available at /opt/Xilinx/Vivado/2023.2/data/xhub/boards/XilinxBoardStore/boards/Xilinx/vck190/production/2.2/board.xml as part xcvc1902-vsva2197-2mp-e-s specified in board_part file is either invalid or not available
WARNING: [Board 49-26] cannot add Board Part xilinx.com:vck190:part0:3.0 available at /opt/Xilinx/Vivado/2023.2/data/xhub/boards/XilinxBoardStore/boards/Xilinx/vck190/production/3.0/board.xml as part xcvc1902-vsva2197-2mp-e-s specified in board_part file is either invalid or not available
WARNING: [Board 49-26] cannot add Board Part xilinx.com:vck190:part0:3.1 available at /opt/Xilinx/Vivado/2023.2/data/xhub/boards/XilinxBoardStore/boards/Xilinx/vck190/production/3.1/board.xml as part xcvc1902-vsva2197-2mp-e-s specified in board_part file is either invalid or not available
WARNING: [Board 49-26] cannot add Board Part xilinx.com:vck190:part0:3.2 available at /opt/Xilinx/Vivado/2023.2/data/xhub/boards/XilinxBoardStore/boards/Xilinx/vck190/production/3.2/board.xml as part xcvc1902-vsva2197-2mp-e-s specified in board_part file is either invalid or not available
WARNING: [Board 49-26] cannot add Board Part xilinx.com:vck190_newl:part0:1.0 available at /opt/Xilinx/Vivado/2023.2/data/xhub/boards/XilinxBoardStore/boards/Xilinx/vck190_newl/production/1.0/board.xml as part xcvc1902-vsva2197-2mp-e-s specified in board_part file is either invalid or not available
WARNING: [Board 49-26] cannot add Board Part xilinx.com:vck190_newl:part0:1.1 available at /opt/Xilinx/Vivado/2023.2/data/xhub/boards/XilinxBoardStore/boards/Xilinx/vck190_newl/production/1.1/board.xml as part xcvc1902-vsva2197-2mp-e-s specified in board_part file is either invalid or not available
WARNING: [Board 49-26] cannot add Board Part xilinx.com:vcu108:part0:1.6 available at /opt/Xilinx/Vivado/2023.2/data/xhub/boards/XilinxBoardStore/boards/Xilinx/vcu108/1.6/board.xml as part xcvu095-ffva2104-2-e specified in board_part file is either invalid or not available
WARNING: [Board 49-26] cannot add Board Part xilinx.com:vcu108:part0:1.7 available at /opt/Xilinx/Vivado/2023.2/data/xhub/boards/XilinxBoardStore/boards/Xilinx/vcu108/1.7/board.xml as part xcvu095-ffva2104-2-e specified in board_part file is either invalid or not available
WARNING: [Board 49-26] cannot add Board Part xilinx.com:vcu110:part0:1.4 available at /opt/Xilinx/Vivado/2023.2/data/xhub/boards/XilinxBoardStore/boards/Xilinx/vcu110/1.4/board.xml as part xcvu190-flgc2104-2-e specified in board_part file is either invalid or not available
WARNING: [Board 49-26] cannot add Board Part xilinx.com:vcu118:part0:2.0 available at /opt/Xilinx/Vivado/2023.2/data/xhub/boards/XilinxBoardStore/boards/Xilinx/vcu118/2.0/board.xml as part xcvu9p-flga2104-2l-e specified in board_part file is either invalid or not available
WARNING: [Board 49-26] cannot add Board Part xilinx.com:vcu118:part0:2.3 available at /opt/Xilinx/Vivado/2023.2/data/xhub/boards/XilinxBoardStore/boards/Xilinx/vcu118/2.3/board.xml as part xcvu9p-flga2104-2l-e specified in board_part file is either invalid or not available
WARNING: [Board 49-26] cannot add Board Part xilinx.com:vcu118:part0:2.4 available at /opt/Xilinx/Vivado/2023.2/data/xhub/boards/XilinxBoardStore/boards/Xilinx/vcu118/2.4/board.xml as part xcvu9p-flga2104-2l-e specified in board_part file is either invalid or not available
WARNING: [Board 49-26] cannot add Board Part xilinx.com:vcu128:part0:1.0 available at /opt/Xilinx/Vivado/2023.2/data/xhub/boards/XilinxBoardStore/boards/Xilinx/vcu128/production/1.0/board.xml as part xcvu37p-fsvh2892-2l-e specified in board_part file is either invalid or not available
WARNING: [Board 49-26] cannot add Board Part xilinx.com:vcu129:part0:1.0 available at /opt/Xilinx/Vivado/2023.2/data/xhub/boards/XilinxBoardStore/boards/Xilinx/vcu129/production/1.0/board.xml as part xcvu29p-fsga2577-2l-e specified in board_part file is either invalid or not available
WARNING: [Board 49-26] cannot add Board Part xilinx.com:vcu1525:part0:1.3 available at /opt/Xilinx/Vivado/2023.2/data/xhub/boards/XilinxBoardStore/boards/Xilinx/vcu1525/1.3/board.xml as part xcvu9p-fsgd2104-2l-e specified in board_part file is either invalid or not available
WARNING: [Board 49-26] cannot add Board Part xilinx.com:vek280:part0:1.0 available at /opt/Xilinx/Vivado/2023.2/data/xhub/boards/XilinxBoardStore/boards/Xilinx/vek280/production/1.0/board.xml as part xcve2802-vsvh1760-2mp-e-s specified in board_part file is either invalid or not available
WARNING: [Board 49-26] cannot add Board Part xilinx.com:vek280_es:part0:1.0 available at /opt/Xilinx/Vivado/2023.2/data/xhub/boards/XilinxBoardStore/boards/Xilinx/vek280/es/rev_a/1.0/board.xml as part xcve2802-vsvh1760-2lp-e-s-es1 specified in board_part file is either invalid or not available
WARNING: [Board 49-26] cannot add Board Part xilinx.com:vek280_es:part0:1.1 available at /opt/Xilinx/Vivado/2023.2/data/xhub/boards/XilinxBoardStore/boards/Xilinx/vek280/es/rev_a/1.1/board.xml as part xcve2802-vsvh1760-2lp-e-s-es1 specified in board_part file is either invalid or not available
WARNING: [Board 49-26] cannot add Board Part xilinx.com:vek280_es_revb:part0:1.0 available at /opt/Xilinx/Vivado/2023.2/data/xhub/boards/XilinxBoardStore/boards/Xilinx/vek280/es/rev_b/1.0/board.xml as part xcve2802-vsvh1760-2mp-e-s-es1 specified in board_part file is either invalid or not available
WARNING: [Board 49-26] cannot add Board Part xilinx.com:vek280_es_revb:part0:1.1 available at /opt/Xilinx/Vivado/2023.2/data/xhub/boards/XilinxBoardStore/boards/Xilinx/vek280/es/rev_b/1.1/board.xml as part xcve2802-vsvh1760-2mp-e-s-es1 specified in board_part file is either invalid or not available
WARNING: [Board 49-26] cannot add Board Part xilinx.com:vhk158:part0:1.0 available at /opt/Xilinx/Vivado/2023.2/data/xhub/boards/XilinxBoardStore/boards/Xilinx/vhk158/production/1.0/board.xml as part xcvh1582-vsva3697-2mp-e-s specified in board_part file is either invalid or not available
WARNING: [Board 49-26] cannot add Board Part xilinx.com:vhk158:part0:1.1 available at /opt/Xilinx/Vivado/2023.2/data/xhub/boards/XilinxBoardStore/boards/Xilinx/vhk158/production/1.1/board.xml as part xcvh1582-vsva3697-2mp-e-s specified in board_part file is either invalid or not available
WARNING: [Board 49-26] cannot add Board Part xilinx.com:vhk158_es:part0:1.0 available at /opt/Xilinx/Vivado/2023.2/data/xhub/boards/XilinxBoardStore/boards/Xilinx/vhk158/es/1.0/board.xml as part xcvh1582-vsva3697-2mp-e-s-es1 specified in board_part file is either invalid or not available
WARNING: [Board 49-26] cannot add Board Part xilinx.com:vhk158_es:part0:1.1 available at /opt/Xilinx/Vivado/2023.2/data/xhub/boards/XilinxBoardStore/boards/Xilinx/vhk158/es/1.1/board.xml as part xcvh1582-vsva3697-2mp-e-s-es1 specified in board_part file is either invalid or not available
WARNING: [Board 49-26] cannot add Board Part xilinx.com:vmk180:part0:2.2 available at /opt/Xilinx/Vivado/2023.2/data/xhub/boards/XilinxBoardStore/boards/Xilinx/vmk180/production/2.2/board.xml as part xcvm1802-vsva2197-2mp-e-s specified in board_part file is either invalid or not available
WARNING: [Board 49-26] cannot add Board Part xilinx.com:vmk180:part0:3.0 available at /opt/Xilinx/Vivado/2023.2/data/xhub/boards/XilinxBoardStore/boards/Xilinx/vmk180/production/3.0/board.xml as part xcvm1802-vsva2197-2mp-e-s specified in board_part file is either invalid or not available
WARNING: [Board 49-26] cannot add Board Part xilinx.com:vmk180:part0:3.1 available at /opt/Xilinx/Vivado/2023.2/data/xhub/boards/XilinxBoardStore/boards/Xilinx/vmk180/production/3.1/board.xml as part xcvm1802-vsva2197-2mp-e-s specified in board_part file is either invalid or not available
WARNING: [Board 49-26] cannot add Board Part xilinx.com:vmk180:part0:3.2 available at /opt/Xilinx/Vivado/2023.2/data/xhub/boards/XilinxBoardStore/boards/Xilinx/vmk180/production/3.2/board.xml as part xcvm1802-vsva2197-2mp-e-s specified in board_part file is either invalid or not available
WARNING: [Board 49-26] cannot add Board Part xilinx.com:vmk180_newl:part0:1.0 available at /opt/Xilinx/Vivado/2023.2/data/xhub/boards/XilinxBoardStore/boards/Xilinx/vmk180_newl/production/1.0/board.xml as part xcvm1802-vsva2197-2mp-e-s specified in board_part file is either invalid or not available
WARNING: [Board 49-26] cannot add Board Part xilinx.com:vmk180_newl:part0:1.1 available at /opt/Xilinx/Vivado/2023.2/data/xhub/boards/XilinxBoardStore/boards/Xilinx/vmk180_newl/production/1.1/board.xml as part xcvm1802-vsva2197-2mp-e-s specified in board_part file is either invalid or not available
WARNING: [Board 49-26] cannot add Board Part xilinx.com:vpk120:part0:1.0 available at /opt/Xilinx/Vivado/2023.2/data/xhub/boards/XilinxBoardStore/boards/Xilinx/vpk120/production/1.0/board.xml as part xcvp1202-vsva2785-2mp-e-s specified in board_part file is either invalid or not available
WARNING: [Board 49-26] cannot add Board Part xilinx.com:vpk120:part0:1.1 available at /opt/Xilinx/Vivado/2023.2/data/xhub/boards/XilinxBoardStore/boards/Xilinx/vpk120/production/1.1/board.xml as part xcvp1202-vsva2785-2mp-e-s specified in board_part file is either invalid or not available
WARNING: [Board 49-26] cannot add Board Part xilinx.com:vpk120:part0:1.2 available at /opt/Xilinx/Vivado/2023.2/data/xhub/boards/XilinxBoardStore/boards/Xilinx/vpk120/production/1.2/board.xml as part xcvp1202-vsva2785-2mp-e-s specified in board_part file is either invalid or not available
WARNING: [Board 49-26] cannot add Board Part xilinx.com:vpk180:part0:1.0 available at /opt/Xilinx/Vivado/2023.2/data/xhub/boards/XilinxBoardStore/boards/Xilinx/vpk180/production/1.0/board.xml as part xcvp1802-lsvc4072-2mp-e-s specified in board_part file is either invalid or not available
WARNING: [Board 49-26] cannot add Board Part xilinx.com:vpk180:part0:1.1 available at /opt/Xilinx/Vivado/2023.2/data/xhub/boards/XilinxBoardStore/boards/Xilinx/vpk180/production/1.1/board.xml as part xcvp1802-lsvc4072-2mp-e-s specified in board_part file is either invalid or not available
WARNING: [Board 49-26] cannot add Board Part xilinx.com:zcu208ld:part0:2.0 available at /opt/Xilinx/Vivado/2023.2/data/xhub/boards/XilinxBoardStore/boards/Xilinx/zcu208ld/production/2.0/board.xml as part xczu58dr-fsvg1517-2-i specified in board_part file is either invalid or not available
WARNING: [Board 49-26] cannot add Board Part xilinx.com:zcu216ld:part0:2.0 available at /opt/Xilinx/Vivado/2023.2/data/xhub/boards/XilinxBoardStore/boards/Xilinx/zcu216ld/production/2.0/board.xml as part xczu59dr-ffvf1760-2-i specified in board_part file is either invalid or not available
WARNING: [Board 49-26] cannot add Board Part xilinx.com:zcu670:part0:2.0 available at /opt/Xilinx/Vivado/2023.2/data/xhub/boards/XilinxBoardStore/boards/Xilinx/zcu670/2.0/board.xml as part xczu67dr-fsve1156-2-i specified in board_part file is either invalid or not available
WARNING: [Board 49-26] cannot add Board Part xilinx.com:zcu670ld:part0:1.0 available at /opt/Xilinx/Vivado/2023.2/data/xhub/boards/XilinxBoardStore/boards/Xilinx/zcu670ld/1.0/board.xml as part xczu57dr-fsve1156-2-i specified in board_part file is either invalid or not available
open_project /home/06-comp-arch-m/ecen4243S25_evan_lenna/lab3/lab3/lab2.xpr
INFO: [Project 1-313] Project file moved from '/home/ross/repos/ELVIS/lab2' since last save.
CRITICAL WARNING: [Project 1-311] Could not find the file '/home/06-comp-arch-m/ecen4243S25_evan_lenna/lab3/lab3/src/riscv_single.sv', nor could it be found using path '/home/ross/repos/ELVIS/lab2/src/riscv_single.sv'.
CRITICAL WARNING: [Project 1-311] Could not find the file '/home/06-comp-arch-m/ecen4243S25_evan_lenna/lab3/lab3/lab2.srcs/sources_1/imports/Desktop/top.v', nor could it be found using path '/home/ross/repos/ELVIS/lab2/lab2.srcs/sources_1/imports/Desktop/top.v'.
CRITICAL WARNING: [Project 1-311] Could not find the file '/home/06-comp-arch-m/ecen4243S25_evan_lenna/lab3/lab3/lab2.srcs/sources_1/imports/Desktop/imem.v', nor could it be found using path '/home/ross/repos/ELVIS/lab2/lab2.srcs/sources_1/imports/Desktop/imem.v'.
CRITICAL WARNING: [Project 1-311] Could not find the file '/home/06-comp-arch-m/ecen4243S25_evan_lenna/lab3/lab3/lab2.srcs/sources_1/imports/Desktop/memcontroller.v', nor could it be found using path '/home/ross/repos/ELVIS/lab2/lab2.srcs/sources_1/imports/Desktop/memcontroller.v'.
Scanning sources...
Finished scanning sources
INFO: [IP_Flow 19-234] Refreshing IP repositories
INFO: [IP_Flow 19-1700] Loaded user IP repository '/home/06-comp-arch-m/ecen4243S25_evan_lenna/lab3/lab3/lab2.ipdefs/ip_repo_BAK_0_0_0'.
INFO: [IP_Flow 19-2313] Loaded Vivado IP repository '/opt/Xilinx/Vivado/2023.2/data/ip'.
WARNING: [BD 41-1661] One or more IPs have been locked in the design 'design_1.bd'. Please run report_ip_status for more details and recommendations on how to fix this issue.
List of locked IPs:
design_1_rst_ps7_0_50M_0
design_1_axi_smc_0

INFO: [Project 1-230] Project 'lab2.xpr' upgraded for this version of Vivado.
upgrade_project -migrate_output_products
INFO: [BD 41-2710] Migrated 'design_1_processing_system7_0_0.xci'
  Source files are located in '/home/06-comp-arch-m/ecen4243S25_evan_lenna/lab3/lab3/lab2.srcs/sources_1/bd/design_1/ip/design_1_processing_system7_0_0'
  Output files are located in '/home/06-comp-arch-m/ecen4243S25_evan_lenna/lab3/lab3/lab2.gen/sources_1/bd/design_1/ip/design_1_processing_system7_0_0'.
INFO: [BD 41-2710] Migrated 'design_1_AXI_Converter_0_0.xci'
  Source files are located in '/home/06-comp-arch-m/ecen4243S25_evan_lenna/lab3/lab3/lab2.srcs/sources_1/bd/design_1/ip/design_1_AXI_Converter_0_0'
  Output files are located in '/home/06-comp-arch-m/ecen4243S25_evan_lenna/lab3/lab3/lab2.gen/sources_1/bd/design_1/ip/design_1_AXI_Converter_0_0'.
WARNING: [IP_Flow 19-2162] IP 'bd_afc3_one_0' is locked:
* IP definition 'Constant (1.1)' for IP 'bd_afc3_one_0' (customized with software release 2020.2) has a different revision in the IP Catalog.
WARNING: [IP_Flow 19-2162] IP 'bd_afc3_psr_aclk_0' is locked:
* IP definition 'Processor System Reset (5.0)' for IP 'bd_afc3_psr_aclk_0' (customized with software release 2020.2) has a different revision in the IP Catalog.
WARNING: [IP_Flow 19-2162] IP 'bd_afc3_s00mmu_0' is locked:
* IP definition 'SC MMU (1.0)' for IP 'bd_afc3_s00mmu_0' (customized with software release 2020.2) has a different revision in the IP Catalog.
WARNING: [IP_Flow 19-2162] IP 'bd_afc3_s00tr_0' is locked:
* IP definition 'SC TRANSACTION_REGULATOR (1.0)' for IP 'bd_afc3_s00tr_0' (customized with software release 2020.2) has a different revision in the IP Catalog.
WARNING: [IP_Flow 19-2162] IP 'bd_afc3_s00sic_0' is locked:
* IP definition 'SC SI_CONVERTER (1.0)' for IP 'bd_afc3_s00sic_0' (customized with software release 2020.2) has a different revision in the IP Catalog.
WARNING: [IP_Flow 19-2162] IP 'bd_afc3_s00a2s_0' is locked:
* IP definition 'SmartConnect AXI2SC Bridge (1.0)' for IP 'bd_afc3_s00a2s_0' (customized with software release 2020.2) has a different revision in the IP Catalog.
WARNING: [IP_Flow 19-2162] IP 'bd_afc3_sarn_0' is locked:
* IP definition 'SmartConnect Node (1.0)' for IP 'bd_afc3_sarn_0' (customized with software release 2020.2) has a different revision in the IP Catalog.
WARNING: [IP_Flow 19-2162] IP 'bd_afc3_srn_0' is locked:
* IP definition 'SmartConnect Node (1.0)' for IP 'bd_afc3_srn_0' (customized with software release 2020.2) has a different revision in the IP Catalog.
WARNING: [IP_Flow 19-2162] IP 'bd_afc3_sawn_0' is locked:
* IP definition 'SmartConnect Node (1.0)' for IP 'bd_afc3_sawn_0' (customized with software release 2020.2) has a different revision in the IP Catalog.
WARNING: [IP_Flow 19-2162] IP 'bd_afc3_swn_0' is locked:
* IP definition 'SmartConnect Node (1.0)' for IP 'bd_afc3_swn_0' (customized with software release 2020.2) has a different revision in the IP Catalog.
WARNING: [IP_Flow 19-2162] IP 'bd_afc3_sbn_0' is locked:
* IP definition 'SmartConnect Node (1.0)' for IP 'bd_afc3_sbn_0' (customized with software release 2020.2) has a different revision in the IP Catalog.
WARNING: [IP_Flow 19-2162] IP 'bd_afc3_m00s2a_0' is locked:
* IP definition 'SmartConnect SC2AXI Bridge (1.0)' for IP 'bd_afc3_m00s2a_0' (customized with software release 2020.2) has a different revision in the IP Catalog.
WARNING: [IP_Flow 19-2162] IP 'bd_afc3_m00e_0' is locked:
* IP definition 'SC EXIT (1.0)' for IP 'bd_afc3_m00e_0' (customized with software release 2020.2) has a different revision in the IP Catalog.
WARNING: [IP_Flow 19-2162] IP 'design_1_axi_smc_0' is locked:
* IP definition 'AXI SmartConnect (1.0)' for IP 'design_1_axi_smc_0' (customized with software release 2020.2) has a different revision in the IP Catalog. * IP 'design_1_axi_smc_0' contains one or more locked subcores.
INFO: [BD 41-2710] Migrated 'design_1_axi_smc_0.xci'
  Source files are located in '/home/06-comp-arch-m/ecen4243S25_evan_lenna/lab3/lab3/lab2.srcs/sources_1/bd/design_1/ip/design_1_axi_smc_0'
  Output files are located in '/home/06-comp-arch-m/ecen4243S25_evan_lenna/lab3/lab3/lab2.gen/sources_1/bd/design_1/ip/design_1_axi_smc_0'.
WARNING: [IP_Flow 19-2162] IP 'design_1_rst_ps7_0_50M_0' is locked:
* IP definition 'Processor System Reset (5.0)' for IP 'design_1_rst_ps7_0_50M_0' (customized with software release 2019.1) has a different revision in the IP Catalog.
INFO: [BD 41-2710] Migrated 'design_1_rst_ps7_0_50M_0.xci'
  Source files are located in '/home/06-comp-arch-m/ecen4243S25_evan_lenna/lab3/lab3/lab2.srcs/sources_1/bd/design_1/ip/design_1_rst_ps7_0_50M_0'
  Output files are located in '/home/06-comp-arch-m/ecen4243S25_evan_lenna/lab3/lab3/lab2.gen/sources_1/bd/design_1/ip/design_1_rst_ps7_0_50M_0'.
WARNING: [IP_Flow 19-3571] IP 'design_1_top_0_0' is restricted:
* Detected changes to module reference file(s).
INFO: [BD 41-2710] Migrated 'design_1_top_0_0.xci'
  Source files are located in '/home/06-comp-arch-m/ecen4243S25_evan_lenna/lab3/lab3/lab2.srcs/sources_1/bd/design_1/ip/design_1_top_0_0'
  Output files are located in '/home/06-comp-arch-m/ecen4243S25_evan_lenna/lab3/lab3/lab2.gen/sources_1/bd/design_1/ip/design_1_top_0_0'.
update_compile_order -fileset sources_1
exit
INFO: [Common 17-206] Exiting Vivado at Fri Apr 11 17:22:01 2025...
